This file contains any messages produced by compilers while
running configure, to aid debugging if configure makes a mistake.

It was created by libdwarf configure 0.10.1, which was
generated by GNU Autoconf 2.71.  Invocation command line was

  $ ./configure --prefix=/usr/local/musl --includedir=/usr/local/musl/include/libdwarf-2 --enable-static --disable-shared --disable-libelf --disable-dwarfexample --disable-dwarfgen

## --------- ##
## Platform. ##
## --------- ##

hostname = arcana-laptop
uname -m = x86_64
uname -r = 6.8.0-85-generic
uname -s = Linux
uname -v = #85~22.04.1-Ubuntu SMP PREEMPT_DYNAMIC Fri Sep 19 16:18:59 UTC 2

/usr/bin/uname -p = x86_64
/bin/uname -X     = unknown

/bin/arch              = x86_64
/usr/bin/arch -k       = unknown
/usr/convex/getsysinfo = unknown
/usr/bin/hostinfo      = unknown
/bin/machine           = unknown
/usr/bin/oslevel       = unknown
/bin/universe          = unknown

PATH: /home/elfmaster/.sdkman/candidates/gradle/current/bin/
PATH: /home/elfmaster/.local/bin/
PATH: /usr/local/sbin/
PATH: /usr/local/bin/
PATH: /usr/sbin/
PATH: /usr/bin/
PATH: /sbin/
PATH: /bin/
PATH: /usr/games/
PATH: /usr/local/games/
PATH: /snap/bin/
PATH: /snap/bin/


## ----------- ##
## Core tests. ##
## ----------- ##

configure:2932: looking for aux files: ltmain.sh missing install-sh compile ar-lib config.guess config.sub
configure:2945:  trying ./
configure:2974:   ./ltmain.sh found
configure:2974:   ./missing found
configure:2956:   ./install-sh found
configure:2974:   ./compile found
configure:2974:   ./ar-lib found
configure:2974:   ./config.guess found
configure:2974:   ./config.sub found
configure:3220: checking build system type
configure:3235: result: x86_64-pc-linux-musl
configure:3255: checking host system type
configure:3269: result: x86_64-pc-linux-musl
configure:3374: checking for gcc
configure:3406: result: musl-gcc
configure:3759: checking for C compiler version
configure:3768: musl-gcc --version >&5
x86_64-linux-gnu-gcc (Ubuntu 11.4.0-1ubuntu1~22.04.2) 11.4.0
Copyright (C) 2021 Free Software Foundation, Inc.
This is free software; see the source for copying conditions.  There is NO
warranty; not even for MERCHANTABILITY or FITNESS FOR A PARTICULAR PURPOSE.

configure:3779: $? = 0
configure:3768: musl-gcc -v >&5
Using built-in specs.
Reading specs from /usr/lib/x86_64-linux-musl/musl-gcc.specs
rename spec cpp_options to old_cpp_options
COLLECT_GCC=x86_64-linux-gnu-gcc
COLLECT_LTO_WRAPPER=/usr/lib/gcc/x86_64-linux-gnu/11/lto-wrapper
OFFLOAD_TARGET_NAMES=nvptx-none:amdgcn-amdhsa
OFFLOAD_TARGET_DEFAULT=1
Target: x86_64-linux-gnu
Configured with: ../src/configure -v --with-pkgversion='Ubuntu 11.4.0-1ubuntu1~22.04.2' --with-bugurl=file:///usr/share/doc/gcc-11/README.Bugs --enable-languages=c,ada,c++,go,brig,d,fortran,objc,obj-c++,m2 --prefix=/usr --with-gcc-major-version-only --program-suffix=-11 --program-prefix=x86_64-linux-gnu- --enable-shared --enable-linker-build-id --libexecdir=/usr/lib --without-included-gettext --enable-threads=posix --libdir=/usr/lib --enable-nls --enable-bootstrap --enable-clocale=gnu --enable-libstdcxx-debug --enable-libstdcxx-time=yes --with-default-libstdcxx-abi=new --enable-gnu-unique-object --disable-vtable-verify --enable-plugin --enable-default-pie --with-system-zlib --enable-libphobos-checking=release --with-target-system-zlib=auto --enable-objc-gc=auto --enable-multiarch --disable-werror --enable-cet --with-arch-32=i686 --with-abi=m64 --with-multilib-list=m32,m64,mx32 --enable-multilib --with-tune=generic --enable-offload-targets=nvptx-none=/build/gcc-11-2Y5pKs/gcc-11-11.4.0/debian/tmp-nvptx/usr,amdgcn-amdhsa=/build/gcc-11-2Y5pKs/gcc-11-11.4.0/debian/tmp-gcn/usr --without-cuda-driver --enable-checking=release --build=x86_64-linux-gnu --host=x86_64-linux-gnu --target=x86_64-linux-gnu --with-build-config=bootstrap-lto-lean --enable-link-serialization=2
Thread model: posix
... rest of stderr output deleted ...
configure:3779: $? = 0
configure:3768: musl-gcc -V >&5
x86_64-linux-gnu-gcc: error: unrecognized command-line option '-V'
x86_64-linux-gnu-gcc: fatal error: no input files
compilation terminated.
configure:3779: $? = 1
configure:3768: musl-gcc -qversion >&5
x86_64-linux-gnu-gcc: error: unrecognized command-line option '-qversion'; did you mean '--version'?
x86_64-linux-gnu-gcc: fatal error: no input files
compilation terminated.
configure:3779: $? = 1
configure:3768: musl-gcc -version >&5
x86_64-linux-gnu-gcc: error: unrecognized command-line option '-version'
x86_64-linux-gnu-gcc: fatal error: no input files
compilation terminated.
configure:3779: $? = 1
configure:3799: checking whether the C compiler works
configure:3821: musl-gcc -fPIC -O3 -I/usr/local/musl/include  -L/usr/local/musl/lib conftest.c  >&5
configure:3825: $? = 0
configure:3875: result: yes
configure:3878: checking for C compiler default output file name
configure:3880: result: a.out
configure:3886: checking for suffix of executables
configure:3893: musl-gcc -o conftest -fPIC -O3 -I/usr/local/musl/include  -L/usr/local/musl/lib conftest.c  >&5
configure:3897: $? = 0
configure:3920: result: 
configure:3942: checking whether we are cross compiling
configure:3950: musl-gcc -o conftest -fPIC -O3 -I/usr/local/musl/include  -L/usr/local/musl/lib conftest.c  >&5
configure:3954: $? = 0
configure:3961: ./conftest
configure:3965: $? = 0
configure:3980: result: no
configure:3985: checking for suffix of object files
configure:4008: musl-gcc -c -fPIC -O3 -I/usr/local/musl/include  conftest.c >&5
configure:4012: $? = 0
configure:4034: result: o
configure:4038: checking whether the compiler supports GNU C
configure:4058: musl-gcc -c -fPIC -O3 -I/usr/local/musl/include  conftest.c >&5
configure:4058: $? = 0
configure:4068: result: yes
configure:4079: checking whether musl-gcc accepts -g
configure:4100: musl-gcc -c -g  conftest.c >&5
configure:4100: $? = 0
configure:4144: result: yes
configure:4164: checking for musl-gcc option to enable C11 features
configure:4179: musl-gcc  -c -fPIC -O3 -I/usr/local/musl/include  conftest.c >&5
configure:4179: $? = 0
configure:4197: result: none needed
configure:4313: checking whether musl-gcc understands -c and -o together
configure:4336: musl-gcc -c conftest.c -o conftest2.o
configure:4339: $? = 0
configure:4336: musl-gcc -c conftest.c -o conftest2.o
configure:4339: $? = 0
configure:4351: result: yes
configure:4424: checking for ar
configure:4445: found /usr/bin/ar
configure:4456: result: ar
configure:4482: checking the archiver (ar) interface
configure:4499: musl-gcc -c -fPIC -O3 -I/usr/local/musl/include  conftest.c >&5
configure:4499: $? = 0
configure:4502: ar cru libconftest.a conftest.o >&5
ar: `u' modifier ignored since `D' is the default (see `U')
configure:4505: $? = 0
configure:4533: result: ar
configure:4573: checking for a BSD-compatible install
configure:4646: result: /usr/bin/install -c
configure:4657: checking whether build environment is sane
configure:4712: result: yes
configure:4867: checking for a race-free mkdir -p
configure:4911: result: /usr/bin/mkdir -p
configure:4918: checking for gawk
configure:4939: found /usr/bin/gawk
configure:4950: result: gawk
configure:4961: checking whether make sets $(MAKE)
configure:4984: result: yes
configure:5006: checking whether make supports the include directive
configure:5021: make -f confmf.GNU && cat confinc.out
this is the am__doit target
configure:5024: $? = 0
configure:5043: result: yes (GNU style)
configure:5078: checking whether make supports nested variables
configure:5096: result: yes
configure:5177: checking dependency style of musl-gcc
configure:5289: result: gcc3
configure:5373: checking whether make supports nested variables
configure:5391: result: yes
configure:5454: checking how to print strings
configure:5481: result: printf
configure:5502: checking for a sed that does not truncate output
configure:5572: result: /usr/bin/sed
configure:5590: checking for grep that handles long lines and -e
configure:5654: result: /usr/bin/grep
configure:5659: checking for egrep
configure:5727: result: /usr/bin/grep -E
configure:5732: checking for fgrep
configure:5800: result: /usr/bin/grep -F
configure:5836: checking for ld used by musl-gcc
configure:5904: result: /usr/bin/ld
configure:5911: checking if the linker (/usr/bin/ld) is GNU ld
configure:5927: result: yes
configure:5939: checking for BSD- or MS-compatible name lister (nm)
configure:5994: result: /usr/bin/nm -B
configure:6134: checking the name lister (/usr/bin/nm -B) interface
configure:6142: musl-gcc -c -fPIC -O3 -I/usr/local/musl/include  conftest.c >&5
configure:6145: /usr/bin/nm -B "conftest.o"
configure:6148: output
0000000000000000 B some_variable
configure:6155: result: BSD nm
configure:6158: checking whether ln -s works
configure:6162: result: yes
configure:6170: checking the maximum length of command line arguments
configure:6302: result: 1572864
configure:6350: checking how to convert x86_64-pc-linux-musl file names to x86_64-pc-linux-musl format
configure:6391: result: func_convert_file_noop
configure:6398: checking how to convert x86_64-pc-linux-musl file names to toolchain format
configure:6419: result: func_convert_file_noop
configure:6426: checking for /usr/bin/ld option to reload object files
configure:6434: result: -r
configure:6513: checking for objdump
configure:6534: found /usr/bin/objdump
configure:6545: result: objdump
configure:6574: checking how to recognize dependent libraries
configure:6775: result: pass_all
configure:6865: checking for dlltool
configure:6900: result: no
configure:6927: checking how to associate runtime and link libraries
configure:6955: result: printf %s\n
configure:7089: checking for archiver @FILE support
configure:7107: musl-gcc -c -fPIC -O3 -I/usr/local/musl/include  conftest.c >&5
configure:7107: $? = 0
configure:7111: ar cr libconftest.a @conftest.lst >&5
configure:7114: $? = 0
configure:7119: ar cr libconftest.a @conftest.lst >&5
ar: conftest.o: No such file or directory
configure:7122: $? = 1
configure:7134: result: @
configure:7197: checking for strip
configure:7218: found /usr/bin/strip
configure:7229: result: strip
configure:7306: checking for ranlib
configure:7327: found /usr/bin/ranlib
configure:7338: result: ranlib
configure:7440: checking command to parse /usr/bin/nm -B output from musl-gcc object
configure:7594: musl-gcc -c -fPIC -O3 -I/usr/local/musl/include  conftest.c >&5
configure:7597: $? = 0
configure:7601: /usr/bin/nm -B conftest.o | sed -n -e 's/^.*[	 ]\([ABCDGIRSTW][ABCDGIRSTW]*\)[	 ][	 ]*\([_A-Za-z][_A-Za-z0-9]*\)$/\1 \2 \2/p' | sed '/ __gnu_lto/d' > conftest.nm
configure:7667: musl-gcc -o conftest -fPIC -O3 -I/usr/local/musl/include  -L/usr/local/musl/lib conftest.c conftstm.o >&5
configure:7670: $? = 0
configure:7708: result: ok
configure:7755: checking for sysroot
configure:7786: result: no
configure:7793: checking for a working dd
configure:7837: result: /usr/bin/dd
configure:7841: checking how to truncate binary pipes
configure:7857: result: /usr/bin/dd bs=4096 count=1
configure:7994: musl-gcc -c -fPIC -O3 -I/usr/local/musl/include  conftest.c >&5
configure:7997: $? = 0
configure:8194: checking for mt
configure:8215: found /usr/bin/mt
configure:8226: result: mt
configure:8249: checking if mt is a manifest tool
configure:8256: mt '-?'
configure:8264: result: no
configure:8994: checking for stdio.h
configure:8994: musl-gcc -c -fPIC -O3 -I/usr/local/musl/include  conftest.c >&5
configure:8994: $? = 0
configure:8994: result: yes
configure:8994: checking for stdlib.h
configure:8994: musl-gcc -c -fPIC -O3 -I/usr/local/musl/include  conftest.c >&5
configure:8994: $? = 0
configure:8994: result: yes
configure:8994: checking for string.h
configure:8994: musl-gcc -c -fPIC -O3 -I/usr/local/musl/include  conftest.c >&5
configure:8994: $? = 0
configure:8994: result: yes
configure:8994: checking for inttypes.h
configure:8994: musl-gcc -c -fPIC -O3 -I/usr/local/musl/include  conftest.c >&5
configure:8994: $? = 0
configure:8994: result: yes
configure:8994: checking for stdint.h
configure:8994: musl-gcc -c -fPIC -O3 -I/usr/local/musl/include  conftest.c >&5
configure:8994: $? = 0
configure:8994: result: yes
configure:8994: checking for strings.h
configure:8994: musl-gcc -c -fPIC -O3 -I/usr/local/musl/include  conftest.c >&5
configure:8994: $? = 0
configure:8994: result: yes
configure:8994: checking for sys/stat.h
configure:8994: musl-gcc -c -fPIC -O3 -I/usr/local/musl/include  conftest.c >&5
configure:8994: $? = 0
configure:8994: result: yes
configure:8994: checking for sys/types.h
configure:8994: musl-gcc -c -fPIC -O3 -I/usr/local/musl/include  conftest.c >&5
configure:8994: $? = 0
configure:8994: result: yes
configure:8994: checking for unistd.h
configure:8994: musl-gcc -c -fPIC -O3 -I/usr/local/musl/include  conftest.c >&5
configure:8994: $? = 0
configure:8994: result: yes
configure:9019: checking for dlfcn.h
configure:9019: musl-gcc -c -fPIC -O3 -I/usr/local/musl/include  conftest.c >&5
configure:9019: $? = 0
configure:9019: result: yes
configure:9604: checking for objdir
configure:9620: result: .libs
configure:9884: checking if musl-gcc supports -fno-rtti -fno-exceptions
configure:9903: musl-gcc -c -fPIC -O3 -I/usr/local/musl/include  -fno-rtti -fno-exceptions conftest.c >&5
cc1: warning: command-line option '-fno-rtti' is valid for C++/D/ObjC++ but not for C
configure:9907: $? = 0
configure:9920: result: no
configure:10284: checking for musl-gcc option to produce PIC
configure:10292: result: -fPIC -DPIC
configure:10300: checking if musl-gcc PIC flag -fPIC -DPIC works
configure:10319: musl-gcc -c -fPIC -O3 -I/usr/local/musl/include  -fPIC -DPIC -DPIC conftest.c >&5
configure:10323: $? = 0
configure:10336: result: yes
configure:10365: checking if musl-gcc static flag -static works
configure:10394: result: yes
configure:10409: checking if musl-gcc supports -c -o file.o
configure:10431: musl-gcc -c -fPIC -O3 -I/usr/local/musl/include  -o out/conftest2.o conftest.c >&5
configure:10435: $? = 0
configure:10457: result: yes
configure:10465: checking if musl-gcc supports -c -o file.o
configure:10513: result: yes
configure:10546: checking whether the musl-gcc linker (/usr/bin/ld -m elf_x86_64) supports shared libraries
configure:11816: result: yes
configure:12057: checking dynamic linker characteristics
configure:12639: musl-gcc -o conftest -fPIC -O3 -I/usr/local/musl/include  -L/usr/local/musl/lib -Wl,-rpath -Wl,/foo conftest.c  >&5
configure:12639: $? = 0
configure:12890: result: GNU/Linux ld.so
configure:13012: checking how to hardcode library paths into programs
configure:13037: result: immediate
configure:13589: checking whether stripping libraries is possible
configure:13594: result: yes
configure:13629: checking if libtool supports shared libraries
configure:13631: result: yes
configure:13634: checking whether to build shared libraries
configure:13659: result: no
configure:13662: checking whether to build static libraries
configure:13666: result: yes
configure:13770: checking for gcc
configure:13802: result: musl-gcc
configure:14155: checking for C compiler version
configure:14164: musl-gcc --version >&5
x86_64-linux-gnu-gcc (Ubuntu 11.4.0-1ubuntu1~22.04.2) 11.4.0
Copyright (C) 2021 Free Software Foundation, Inc.
This is free software; see the source for copying conditions.  There is NO
warranty; not even for MERCHANTABILITY or FITNESS FOR A PARTICULAR PURPOSE.

configure:14175: $? = 0
configure:14164: musl-gcc -v >&5
Using built-in specs.
Reading specs from /usr/lib/x86_64-linux-musl/musl-gcc.specs
rename spec cpp_options to old_cpp_options
COLLECT_GCC=x86_64-linux-gnu-gcc
COLLECT_LTO_WRAPPER=/usr/lib/gcc/x86_64-linux-gnu/11/lto-wrapper
OFFLOAD_TARGET_NAMES=nvptx-none:amdgcn-amdhsa
OFFLOAD_TARGET_DEFAULT=1
Target: x86_64-linux-gnu
Configured with: ../src/configure -v --with-pkgversion='Ubuntu 11.4.0-1ubuntu1~22.04.2' --with-bugurl=file:///usr/share/doc/gcc-11/README.Bugs --enable-languages=c,ada,c++,go,brig,d,fortran,objc,obj-c++,m2 --prefix=/usr --with-gcc-major-version-only --program-suffix=-11 --program-prefix=x86_64-linux-gnu- --enable-shared --enable-linker-build-id --libexecdir=/usr/lib --without-included-gettext --enable-threads=posix --libdir=/usr/lib --enable-nls --enable-bootstrap --enable-clocale=gnu --enable-libstdcxx-debug --enable-libstdcxx-time=yes --with-default-libstdcxx-abi=new --enable-gnu-unique-object --disable-vtable-verify --enable-plugin --enable-default-pie --with-system-zlib --enable-libphobos-checking=release --with-target-system-zlib=auto --enable-objc-gc=auto --enable-multiarch --disable-werror --enable-cet --with-arch-32=i686 --with-abi=m64 --with-multilib-list=m32,m64,mx32 --enable-multilib --with-tune=generic --enable-offload-targets=nvptx-none=/build/gcc-11-2Y5pKs/gcc-11-11.4.0/debian/tmp-nvptx/usr,amdgcn-amdhsa=/build/gcc-11-2Y5pKs/gcc-11-11.4.0/debian/tmp-gcn/usr --without-cuda-driver --enable-checking=release --build=x86_64-linux-gnu --host=x86_64-linux-gnu --target=x86_64-linux-gnu --with-build-config=bootstrap-lto-lean --enable-link-serialization=2
Thread model: posix
... rest of stderr output deleted ...
configure:14175: $? = 0
configure:14164: musl-gcc -V >&5
x86_64-linux-gnu-gcc: error: unrecognized command-line option '-V'
x86_64-linux-gnu-gcc: fatal error: no input files
compilation terminated.
configure:14175: $? = 1
configure:14164: musl-gcc -qversion >&5
x86_64-linux-gnu-gcc: error: unrecognized command-line option '-qversion'; did you mean '--version'?
x86_64-linux-gnu-gcc: fatal error: no input files
compilation terminated.
configure:14175: $? = 1
configure:14164: musl-gcc -version >&5
x86_64-linux-gnu-gcc: error: unrecognized command-line option '-version'
x86_64-linux-gnu-gcc: fatal error: no input files
compilation terminated.
configure:14175: $? = 1
configure:14179: checking whether the compiler supports GNU C
configure:14209: result: yes
configure:14220: checking whether musl-gcc accepts -g
configure:14285: result: yes
configure:14305: checking for musl-gcc option to enable C11 features
configure:14338: result: none needed
configure:14454: checking whether musl-gcc understands -c and -o together
configure:14492: result: yes
configure:14578: checking for g++
configure:14599: found /usr/bin/g++
configure:14610: result: g++
configure:14637: checking for C++ compiler version
configure:14646: g++ --version >&5
g++ (Ubuntu 11.4.0-1ubuntu1~22.04.2) 11.4.0
Copyright (C) 2021 Free Software Foundation, Inc.
This is free software; see the source for copying conditions.  There is NO
warranty; not even for MERCHANTABILITY or FITNESS FOR A PARTICULAR PURPOSE.

configure:14657: $? = 0
configure:14646: g++ -v >&5
Using built-in specs.
COLLECT_GCC=g++
COLLECT_LTO_WRAPPER=/usr/lib/gcc/x86_64-linux-gnu/11/lto-wrapper
OFFLOAD_TARGET_NAMES=nvptx-none:amdgcn-amdhsa
OFFLOAD_TARGET_DEFAULT=1
Target: x86_64-linux-gnu
Configured with: ../src/configure -v --with-pkgversion='Ubuntu 11.4.0-1ubuntu1~22.04.2' --with-bugurl=file:///usr/share/doc/gcc-11/README.Bugs --enable-languages=c,ada,c++,go,brig,d,fortran,objc,obj-c++,m2 --prefix=/usr --with-gcc-major-version-only --program-suffix=-11 --program-prefix=x86_64-linux-gnu- --enable-shared --enable-linker-build-id --libexecdir=/usr/lib --without-included-gettext --enable-threads=posix --libdir=/usr/lib --enable-nls --enable-bootstrap --enable-clocale=gnu --enable-libstdcxx-debug --enable-libstdcxx-time=yes --with-default-libstdcxx-abi=new --enable-gnu-unique-object --disable-vtable-verify --enable-plugin --enable-default-pie --with-system-zlib --enable-libphobos-checking=release --with-target-system-zlib=auto --enable-objc-gc=auto --enable-multiarch --disable-werror --enable-cet --with-arch-32=i686 --with-abi=m64 --with-multilib-list=m32,m64,mx32 --enable-multilib --with-tune=generic --enable-offload-targets=nvptx-none=/build/gcc-11-2Y5pKs/gcc-11-11.4.0/debian/tmp-nvptx/usr,amdgcn-amdhsa=/build/gcc-11-2Y5pKs/gcc-11-11.4.0/debian/tmp-gcn/usr --without-cuda-driver --enable-checking=release --build=x86_64-linux-gnu --host=x86_64-linux-gnu --target=x86_64-linux-gnu --with-build-config=bootstrap-lto-lean --enable-link-serialization=2
Thread model: posix
Supported LTO compression algorithms: zlib zstd
gcc version 11.4.0 (Ubuntu 11.4.0-1ubuntu1~22.04.2) 
... rest of stderr output deleted ...
configure:14657: $? = 0
configure:14646: g++ -V >&5
g++: error: unrecognized command-line option '-V'
g++: fatal error: no input files
compilation terminated.
configure:14657: $? = 1
configure:14646: g++ -qversion >&5
g++: error: unrecognized command-line option '-qversion'; did you mean '--version'?
g++: fatal error: no input files
compilation terminated.
configure:14657: $? = 1
configure:14661: checking whether the compiler supports GNU C++
configure:14681: g++ -c   conftest.cpp >&5
configure:14681: $? = 0
configure:14691: result: yes
configure:14702: checking whether g++ accepts -g
configure:14723: g++ -c -g  conftest.cpp >&5
configure:14723: $? = 0
configure:14767: result: yes
configure:14787: checking for g++ option to enable C++11 features
configure:14802: g++  -c -g -O2  conftest.cpp >&5
conftest.cpp: In function 'int main(int, char**)':
conftest.cpp:189:25: warning: empty parentheses were disambiguated as a function declaration [-Wvexing-parse]
  189 |   cxx11test::delegate d2();
      |                         ^~
conftest.cpp:189:25: note: remove parentheses to default-initialize a variable
  189 |   cxx11test::delegate d2();
      |                         ^~
      |                         --
conftest.cpp:189:25: note: or replace parentheses with braces to value-initialize a variable
configure:14802: $? = 0
configure:14820: result: none needed
configure:14886: checking dependency style of g++
configure:14998: result: gcc3
configure:15031: checking how to run the C++ preprocessor
configure:15053: g++ -E  conftest.cpp
configure:15053: $? = 0
configure:15068: g++ -E  conftest.cpp
conftest.cpp:23:10: fatal error: ac_nonexistent.h: No such file or directory
   23 | #include <ac_nonexistent.h>
      |          ^~~~~~~~~~~~~~~~~~
compilation terminated.
configure:15068: $? = 1
configure: failed program was:
| /* confdefs.h */
| #define PACKAGE_NAME "libdwarf"
| #define PACKAGE_TARNAME "libdwarf"
| #define PACKAGE_VERSION "0.10.1"
| #define PACKAGE_STRING "libdwarf 0.10.1"
| #define PACKAGE_BUGREPORT "libdwarf -at- linuxmail -dot- org"
| #define PACKAGE_URL ""
| #define PACKAGE "libdwarf"
| #define VERSION "0.10.1"
| #define HAVE_STDIO_H 1
| #define HAVE_STDLIB_H 1
| #define HAVE_STRING_H 1
| #define HAVE_INTTYPES_H 1
| #define HAVE_STDINT_H 1
| #define HAVE_STRINGS_H 1
| #define HAVE_SYS_STAT_H 1
| #define HAVE_SYS_TYPES_H 1
| #define HAVE_UNISTD_H 1
| #define STDC_HEADERS 1
| #define HAVE_DLFCN_H 1
| #define LT_OBJDIR ".libs/"
| /* end confdefs.h.  */
| #include <ac_nonexistent.h>
configure:15095: result: g++ -E
configure:15109: g++ -E  conftest.cpp
configure:15109: $? = 0
configure:15124: g++ -E  conftest.cpp
conftest.cpp:23:10: fatal error: ac_nonexistent.h: No such file or directory
   23 | #include <ac_nonexistent.h>
      |          ^~~~~~~~~~~~~~~~~~
compilation terminated.
configure:15124: $? = 1
configure: failed program was:
| /* confdefs.h */
| #define PACKAGE_NAME "libdwarf"
| #define PACKAGE_TARNAME "libdwarf"
| #define PACKAGE_VERSION "0.10.1"
| #define PACKAGE_STRING "libdwarf 0.10.1"
| #define PACKAGE_BUGREPORT "libdwarf -at- linuxmail -dot- org"
| #define PACKAGE_URL ""
| #define PACKAGE "libdwarf"
| #define VERSION "0.10.1"
| #define HAVE_STDIO_H 1
| #define HAVE_STDLIB_H 1
| #define HAVE_STRING_H 1
| #define HAVE_INTTYPES_H 1
| #define HAVE_STDINT_H 1
| #define HAVE_STRINGS_H 1
| #define HAVE_SYS_STAT_H 1
| #define HAVE_SYS_TYPES_H 1
| #define HAVE_UNISTD_H 1
| #define STDC_HEADERS 1
| #define HAVE_DLFCN_H 1
| #define LT_OBJDIR ".libs/"
| /* end confdefs.h.  */
| #include <ac_nonexistent.h>
configure:15289: checking for ld used by g++
configure:15357: result: /usr/bin/ld -m elf_x86_64
configure:15364: checking if the linker (/usr/bin/ld -m elf_x86_64) is GNU ld
configure:15380: result: yes
configure:15435: checking whether the g++ linker (/usr/bin/ld -m elf_x86_64) supports shared libraries
configure:16512: result: yes
configure:16548: g++ -c -g -O2  conftest.cpp >&5
configure:16551: $? = 0
configure:17032: checking for g++ option to produce PIC
configure:17040: result: -fPIC -DPIC
configure:17048: checking if g++ PIC flag -fPIC -DPIC works
configure:17067: g++ -c -g -O2  -fPIC -DPIC -DPIC conftest.cpp >&5
configure:17071: $? = 0
configure:17084: result: yes
configure:17107: checking if g++ static flag -static works
configure:17136: result: yes
configure:17148: checking if g++ supports -c -o file.o
configure:17170: g++ -c -g -O2  -o out/conftest2.o conftest.cpp >&5
configure:17174: $? = 0
configure:17196: result: yes
configure:17201: checking if g++ supports -c -o file.o
configure:17249: result: yes
configure:17279: checking whether the g++ linker (/usr/bin/ld -m elf_x86_64) supports shared libraries
configure:17322: result: yes
configure:17464: checking dynamic linker characteristics
configure:18224: result: GNU/Linux ld.so
configure:18289: checking how to hardcode library paths into programs
configure:18314: result: immediate
configure:18355: checking whether musl-gcc and cc understand -c and -o together
configure:18387: musl-gcc -c conftest.c -o conftest2.o >&5
configure:18391: $? = 0
configure:18397: musl-gcc -c conftest.c -o conftest2.o >&5
configure:18401: $? = 0
configure:18412: cc -c conftest.c >&5
configure:18416: $? = 0
configure:18424: cc -c conftest.c -o conftest2.o >&5
configure:18428: $? = 0
configure:18434: cc -c conftest.c -o conftest2.o >&5
configure:18438: $? = 0
configure:18456: result: yes
configure:18526: checking for pkg-config
configure:18549: found /usr/bin/pkg-config
configure:18561: result: /usr/bin/pkg-config
configure:18586: checking pkg-config is at least version 0.9.0
configure:18589: result: yes
configure:18676: checking for ZLIB
configure:18683: $PKG_CONFIG --exists --print-errors "zlib"
configure:18686: $? = 0
configure:18700: $PKG_CONFIG --exists --print-errors "zlib"
configure:18703: $? = 0
configure:18747: result: yes
configure:18757: checking for ZSTD
configure:18764: $PKG_CONFIG --exists --print-errors "libzstd"
Package libzstd was not found in the pkg-config search path.
Perhaps you should add the directory containing `libzstd.pc'
to the PKG_CONFIG_PATH environment variable
No package 'libzstd' found
configure:18767: $? = 1
configure:18781: $PKG_CONFIG --exists --print-errors "libzstd"
Package libzstd was not found in the pkg-config search path.
Perhaps you should add the directory containing `libzstd.pc'
to the PKG_CONFIG_PATH environment variable
No package 'libzstd' found
configure:18784: $? = 1
configure:18798: result: no
No package 'libzstd' found
configure:18856: checking for unistd.h
configure:18856: result: yes
configure:18862: checking for sys/types.h
configure:18862: result: yes
configure:18868: checking for malloc.h
configure:18868: musl-gcc -c -fPIC -O3 -I/usr/local/musl/include  conftest.c >&5
configure:18868: $? = 0
configure:18868: result: yes
configure:18876: checking for stdint.h
configure:18876: result: yes
configure:18882: checking for inttypes.h
configure:18882: result: yes
configure:18888: checking for stddef.h
configure:18888: musl-gcc -c -fPIC -O3 -I/usr/local/musl/include  conftest.c >&5
configure:18888: $? = 0
configure:18888: result: yes
configure:18894: checking for fcntl.h
configure:18894: musl-gcc -c -fPIC -O3 -I/usr/local/musl/include  conftest.c >&5
configure:18894: $? = 0
configure:18894: result: yes
configure:18924: checking for zstd.h
configure:18924: musl-gcc -c -fPIC -O3 -I/usr/local/musl/include  conftest.c >&5
conftest.c:58:10: fatal error: zstd.h: No such file or directory
   58 | #include <zstd.h>
      |          ^~~~~~~~
compilation terminated.
configure:18924: $? = 1
configure: failed program was:
| /* confdefs.h */
| #define PACKAGE_NAME "libdwarf"
| #define PACKAGE_TARNAME "libdwarf"
| #define PACKAGE_VERSION "0.10.1"
| #define PACKAGE_STRING "libdwarf 0.10.1"
| #define PACKAGE_BUGREPORT "libdwarf -at- linuxmail -dot- org"
| #define PACKAGE_URL ""
| #define PACKAGE "libdwarf"
| #define VERSION "0.10.1"
| #define HAVE_STDIO_H 1
| #define HAVE_STDLIB_H 1
| #define HAVE_STRING_H 1
| #define HAVE_INTTYPES_H 1
| #define HAVE_STDINT_H 1
| #define HAVE_STRINGS_H 1
| #define HAVE_SYS_STAT_H 1
| #define HAVE_SYS_TYPES_H 1
| #define HAVE_UNISTD_H 1
| #define STDC_HEADERS 1
| #define HAVE_DLFCN_H 1
| #define LT_OBJDIR ".libs/"
| #define HAVE_UNISTD_H 1
| #define HAVE_SYS_TYPES_H 1
| #define HAVE_MALLOC_H 1
| #define HAVE_STDINT_H 1
| #define HAVE_INTTYPES_H 1
| #define HAVE_STDDEF_H 1
| #define HAVE_FCNTL_H 1
| /* end confdefs.h.  */
| #include <stddef.h>
| #ifdef HAVE_STDIO_H
| # include <stdio.h>
| #endif
| #ifdef HAVE_STDLIB_H
| # include <stdlib.h>
| #endif
| #ifdef HAVE_STRING_H
| # include <string.h>
| #endif
| #ifdef HAVE_INTTYPES_H
| # include <inttypes.h>
| #endif
| #ifdef HAVE_STDINT_H
| # include <stdint.h>
| #endif
| #ifdef HAVE_STRINGS_H
| # include <strings.h>
| #endif
| #ifdef HAVE_SYS_TYPES_H
| # include <sys/types.h>
| #endif
| #ifdef HAVE_SYS_STAT_H
| # include <sys/stat.h>
| #endif
| #ifdef HAVE_UNISTD_H
| # include <unistd.h>
| #endif
| #include <zstd.h>
configure:18924: result: no
configure:18948: checking for uintptr_t
configure:18948: musl-gcc -c -fPIC -O3 -I/usr/local/musl/include  conftest.c >&5
configure:18948: $? = 0
configure:18948: musl-gcc -c -fPIC -O3 -I/usr/local/musl/include  conftest.c >&5
conftest.c: In function 'main':
conftest.c:61:24: error: expected expression before ')' token
   61 | if (sizeof ((uintptr_t)))
      |                        ^
configure:18948: $? = 1
configure: failed program was:
| /* confdefs.h */
| #define PACKAGE_NAME "libdwarf"
| #define PACKAGE_TARNAME "libdwarf"
| #define PACKAGE_VERSION "0.10.1"
| #define PACKAGE_STRING "libdwarf 0.10.1"
| #define PACKAGE_BUGREPORT "libdwarf -at- linuxmail -dot- org"
| #define PACKAGE_URL ""
| #define PACKAGE "libdwarf"
| #define VERSION "0.10.1"
| #define HAVE_STDIO_H 1
| #define HAVE_STDLIB_H 1
| #define HAVE_STRING_H 1
| #define HAVE_INTTYPES_H 1
| #define HAVE_STDINT_H 1
| #define HAVE_STRINGS_H 1
| #define HAVE_SYS_STAT_H 1
| #define HAVE_SYS_TYPES_H 1
| #define HAVE_UNISTD_H 1
| #define STDC_HEADERS 1
| #define HAVE_DLFCN_H 1
| #define LT_OBJDIR ".libs/"
| #define HAVE_UNISTD_H 1
| #define HAVE_SYS_TYPES_H 1
| #define HAVE_MALLOC_H 1
| #define HAVE_STDINT_H 1
| #define HAVE_INTTYPES_H 1
| #define HAVE_STDDEF_H 1
| #define HAVE_FCNTL_H 1
| /* end confdefs.h.  */
| #include <stddef.h>
| #ifdef HAVE_STDIO_H
| # include <stdio.h>
| #endif
| #ifdef HAVE_STDLIB_H
| # include <stdlib.h>
| #endif
| #ifdef HAVE_STRING_H
| # include <string.h>
| #endif
| #ifdef HAVE_INTTYPES_H
| # include <inttypes.h>
| #endif
| #ifdef HAVE_STDINT_H
| # include <stdint.h>
| #endif
| #ifdef HAVE_STRINGS_H
| # include <strings.h>
| #endif
| #ifdef HAVE_SYS_TYPES_H
| # include <sys/types.h>
| #endif
| #ifdef HAVE_SYS_STAT_H
| # include <sys/stat.h>
| #endif
| #ifdef HAVE_UNISTD_H
| # include <unistd.h>
| #endif
| int
| main (void)
| {
| if (sizeof ((uintptr_t)))
| 	    return 0;
|   ;
|   return 0;
| }
configure:18948: result: yes
configure:18985: checking for intptr_t
configure:18985: musl-gcc -c -fPIC -O3 -I/usr/local/musl/include  conftest.c >&5
configure:18985: $? = 0
configure:18985: musl-gcc -c -fPIC -O3 -I/usr/local/musl/include  conftest.c >&5
conftest.c: In function 'main':
conftest.c:62:23: error: expected expression before ')' token
   62 | if (sizeof ((intptr_t)))
      |                       ^
configure:18985: $? = 1
configure: failed program was:
| /* confdefs.h */
| #define PACKAGE_NAME "libdwarf"
| #define PACKAGE_TARNAME "libdwarf"
| #define PACKAGE_VERSION "0.10.1"
| #define PACKAGE_STRING "libdwarf 0.10.1"
| #define PACKAGE_BUGREPORT "libdwarf -at- linuxmail -dot- org"
| #define PACKAGE_URL ""
| #define PACKAGE "libdwarf"
| #define VERSION "0.10.1"
| #define HAVE_STDIO_H 1
| #define HAVE_STDLIB_H 1
| #define HAVE_STRING_H 1
| #define HAVE_INTTYPES_H 1
| #define HAVE_STDINT_H 1
| #define HAVE_STRINGS_H 1
| #define HAVE_SYS_STAT_H 1
| #define HAVE_SYS_TYPES_H 1
| #define HAVE_UNISTD_H 1
| #define STDC_HEADERS 1
| #define HAVE_DLFCN_H 1
| #define LT_OBJDIR ".libs/"
| #define HAVE_UNISTD_H 1
| #define HAVE_SYS_TYPES_H 1
| #define HAVE_MALLOC_H 1
| #define HAVE_STDINT_H 1
| #define HAVE_INTTYPES_H 1
| #define HAVE_STDDEF_H 1
| #define HAVE_FCNTL_H 1
| #define HAVE_UINTPTR_T 1
| /* end confdefs.h.  */
| #include <stddef.h>
| #ifdef HAVE_STDIO_H
| # include <stdio.h>
| #endif
| #ifdef HAVE_STDLIB_H
| # include <stdlib.h>
| #endif
| #ifdef HAVE_STRING_H
| # include <string.h>
| #endif
| #ifdef HAVE_INTTYPES_H
| # include <inttypes.h>
| #endif
| #ifdef HAVE_STDINT_H
| # include <stdint.h>
| #endif
| #ifdef HAVE_STRINGS_H
| # include <strings.h>
| #endif
| #ifdef HAVE_SYS_TYPES_H
| # include <sys/types.h>
| #endif
| #ifdef HAVE_SYS_STAT_H
| # include <sys/stat.h>
| #endif
| #ifdef HAVE_UNISTD_H
| # include <unistd.h>
| #endif
| int
| main (void)
| {
| if (sizeof ((intptr_t)))
| 	    return 0;
|   ;
|   return 0;
| }
configure:18985: result: yes
configure:19020: checking for uint32_t
configure:19020: musl-gcc -c -fPIC -O3 -I/usr/local/musl/include  conftest.c >&5
configure:19020: $? = 0
configure:19020: result: yes
configure:19036: checking whether byte ordering is bigendian
configure:19052: musl-gcc -c -fPIC -O3 -I/usr/local/musl/include  conftest.c >&5
conftest.c:33:16: error: unknown type name 'not'
   33 |                not a universal capable compiler
      |                ^~~
conftest.c:33:22: error: expected '=', ',', ';', 'asm' or '__attribute__' before 'universal'
   33 |                not a universal capable compiler
      |                      ^~~~~~~~~
conftest.c:33:22: error: unknown type name 'universal'
configure:19052: $? = 1
configure: failed program was:
| /* confdefs.h */
| #define PACKAGE_NAME "libdwarf"
| #define PACKAGE_TARNAME "libdwarf"
| #define PACKAGE_VERSION "0.10.1"
| #define PACKAGE_STRING "libdwarf 0.10.1"
| #define PACKAGE_BUGREPORT "libdwarf -at- linuxmail -dot- org"
| #define PACKAGE_URL ""
| #define PACKAGE "libdwarf"
| #define VERSION "0.10.1"
| #define HAVE_STDIO_H 1
| #define HAVE_STDLIB_H 1
| #define HAVE_STRING_H 1
| #define HAVE_INTTYPES_H 1
| #define HAVE_STDINT_H 1
| #define HAVE_STRINGS_H 1
| #define HAVE_SYS_STAT_H 1
| #define HAVE_SYS_TYPES_H 1
| #define HAVE_UNISTD_H 1
| #define STDC_HEADERS 1
| #define HAVE_DLFCN_H 1
| #define LT_OBJDIR ".libs/"
| #define HAVE_UNISTD_H 1
| #define HAVE_SYS_TYPES_H 1
| #define HAVE_MALLOC_H 1
| #define HAVE_STDINT_H 1
| #define HAVE_INTTYPES_H 1
| #define HAVE_STDDEF_H 1
| #define HAVE_FCNTL_H 1
| #define HAVE_UINTPTR_T 1
| #define HAVE_INTPTR_T 1
| /* end confdefs.h.  */
| #ifndef __APPLE_CC__
| 	       not a universal capable compiler
| 	     #endif
| 	     typedef int dummy;
| 
configure:19098: musl-gcc -c -fPIC -O3 -I/usr/local/musl/include  conftest.c >&5
configure:19098: $? = 0
configure:19117: musl-gcc -c -fPIC -O3 -I/usr/local/musl/include  conftest.c >&5
conftest.c: In function 'main':
conftest.c:39:18: error: unknown type name 'not'; did you mean 'ino_t'?
   39 |                  not big endian
      |                  ^~~
      |                  ino_t
conftest.c:39:26: error: expected '=', ',', ';', 'asm' or '__attribute__' before 'endian'
   39 |                  not big endian
      |                          ^~~~~~
configure:19117: $? = 1
configure: failed program was:
| /* confdefs.h */
| #define PACKAGE_NAME "libdwarf"
| #define PACKAGE_TARNAME "libdwarf"
| #define PACKAGE_VERSION "0.10.1"
| #define PACKAGE_STRING "libdwarf 0.10.1"
| #define PACKAGE_BUGREPORT "libdwarf -at- linuxmail -dot- org"
| #define PACKAGE_URL ""
| #define PACKAGE "libdwarf"
| #define VERSION "0.10.1"
| #define HAVE_STDIO_H 1
| #define HAVE_STDLIB_H 1
| #define HAVE_STRING_H 1
| #define HAVE_INTTYPES_H 1
| #define HAVE_STDINT_H 1
| #define HAVE_STRINGS_H 1
| #define HAVE_SYS_STAT_H 1
| #define HAVE_SYS_TYPES_H 1
| #define HAVE_UNISTD_H 1
| #define STDC_HEADERS 1
| #define HAVE_DLFCN_H 1
| #define LT_OBJDIR ".libs/"
| #define HAVE_UNISTD_H 1
| #define HAVE_SYS_TYPES_H 1
| #define HAVE_MALLOC_H 1
| #define HAVE_STDINT_H 1
| #define HAVE_INTTYPES_H 1
| #define HAVE_STDDEF_H 1
| #define HAVE_FCNTL_H 1
| #define HAVE_UINTPTR_T 1
| #define HAVE_INTPTR_T 1
| /* end confdefs.h.  */
| #include <sys/types.h>
| 		#include <sys/param.h>
| 
| int
| main (void)
| {
| #if BYTE_ORDER != BIG_ENDIAN
| 		 not big endian
| 		#endif
| 
|   ;
|   return 0;
| }
configure:19251: result: no
configure:19326: checking whether the C++ compiler supports 
configure:19339: g++ -c -g -O2   conftest.cpp >&5
configure:19339: $? = 0
configure:19346: result: yes
configure:19426: checking whether the C compiler supports 
configure:19439: musl-gcc -c -fPIC -O3 -I/usr/local/musl/include   conftest.c >&5
configure:19439: $? = 0
configure:19446: result: yes
configure:19547: musl-gcc -c -fPIC -O3 -I/usr/local/musl/include  conftest.c >&5
configure:19547: $? = 0
configure:19586: musl-gcc -c -fPIC -O3 -I/usr/local/musl/include  conftest.c >&5
configure:19586: $? = 0
configure:19599: checking whether "unused" attribute is available
configure:19601: result: yes
configure:19636: checking whether sanitize options are used
configure:19638: result: no
configure:19678: checking for size_t
configure:19678: musl-gcc -c -fPIC -O3 -I/usr/local/musl/include  conftest.c >&5
configure:19678: $? = 0
configure:19678: musl-gcc -c -fPIC -O3 -I/usr/local/musl/include  conftest.c >&5
conftest.c: In function 'main':
conftest.c:65:21: error: expected expression before ')' token
   65 | if (sizeof ((size_t)))
      |                     ^
configure:19678: $? = 1
configure: failed program was:
| /* confdefs.h */
| #define PACKAGE_NAME "libdwarf"
| #define PACKAGE_TARNAME "libdwarf"
| #define PACKAGE_VERSION "0.10.1"
| #define PACKAGE_STRING "libdwarf 0.10.1"
| #define PACKAGE_BUGREPORT "libdwarf -at- linuxmail -dot- org"
| #define PACKAGE_URL ""
| #define PACKAGE "libdwarf"
| #define VERSION "0.10.1"
| #define HAVE_STDIO_H 1
| #define HAVE_STDLIB_H 1
| #define HAVE_STRING_H 1
| #define HAVE_INTTYPES_H 1
| #define HAVE_STDINT_H 1
| #define HAVE_STRINGS_H 1
| #define HAVE_SYS_STAT_H 1
| #define HAVE_SYS_TYPES_H 1
| #define HAVE_UNISTD_H 1
| #define STDC_HEADERS 1
| #define HAVE_DLFCN_H 1
| #define LT_OBJDIR ".libs/"
| #define HAVE_UNISTD_H 1
| #define HAVE_SYS_TYPES_H 1
| #define HAVE_MALLOC_H 1
| #define HAVE_STDINT_H 1
| #define HAVE_INTTYPES_H 1
| #define HAVE_STDDEF_H 1
| #define HAVE_FCNTL_H 1
| #define HAVE_UINTPTR_T 1
| #define HAVE_INTPTR_T 1
| #define HAVE_UTF8 1
| #define HAVE_UNUSED_ATTRIBUTE 1
| /* end confdefs.h.  */
| #include <stddef.h>
| #ifdef HAVE_STDIO_H
| # include <stdio.h>
| #endif
| #ifdef HAVE_STDLIB_H
| # include <stdlib.h>
| #endif
| #ifdef HAVE_STRING_H
| # include <string.h>
| #endif
| #ifdef HAVE_INTTYPES_H
| # include <inttypes.h>
| #endif
| #ifdef HAVE_STDINT_H
| # include <stdint.h>
| #endif
| #ifdef HAVE_STRINGS_H
| # include <strings.h>
| #endif
| #ifdef HAVE_SYS_TYPES_H
| # include <sys/types.h>
| #endif
| #ifdef HAVE_SYS_STAT_H
| # include <sys/stat.h>
| #endif
| #ifdef HAVE_UNISTD_H
| # include <unistd.h>
| #endif
| int
| main (void)
| {
| if (sizeof ((size_t)))
| 	    return 0;
|   ;
|   return 0;
| }
configure:19678: result: yes
configure:19690: checking for working alloca.h
configure:19708: musl-gcc -o conftest -fPIC -O3 -I/usr/local/musl/include  -L/usr/local/musl/lib conftest.c  >&5
configure:19708: $? = 0
configure:19717: result: yes
configure:19725: checking for alloca
configure:19770: result: yes
configure:20143: checking that generated files are newer than configure
configure:20149: result: done
configure:20181: creating ./config.status

## ---------------------- ##
## Running config.status. ##
## ---------------------- ##

This file was extended by libdwarf config.status 0.10.1, which was
generated by GNU Autoconf 2.71.  Invocation command line was

  CONFIG_FILES    = 
  CONFIG_HEADERS  = 
  CONFIG_LINKS    = 
  CONFIG_COMMANDS = 
  $ ./config.status 

on arcana-laptop

config.status:1203: creating Makefile
config.status:1203: creating src/lib/libdwarf/Makefile
config.status:1203: creating src/lib/libdwarfp/Makefile
config.status:1203: creating src/bin/dwarfdump/Makefile
config.status:1203: creating src/bin/dwarfgen/Makefile
config.status:1203: creating src/bin/dwarfexample/Makefile
config.status:1203: creating src/bin/gennames/Makefile
config.status:1203: creating src/bin/tag_attr/Makefile
config.status:1203: creating src/bin/tag_tree/Makefile
config.status:1203: creating src/bin/attr_form/Makefile
config.status:1203: creating src/bin/buildopstab/Makefile
config.status:1203: creating src/bin/builduritable/Makefile
config.status:1203: creating test/Makefile
config.status:1203: creating fuzz/Makefile
config.status:1203: creating doc/Makefile
config.status:1203: creating libdwarf.pc
config.status:1203: creating libdwarfp.pc
config.status:1203: creating config.h
config.status:1432: executing depfiles commands
config.status:1509: cd src/lib/libdwarf       && sed -e '/# am--include-marker/d' Makefile         | make -f - am--depfiles
config.status:1514: $? = 0
config.status:1509: cd src/lib/libdwarfp       && sed -e '/# am--include-marker/d' Makefile         | make -f - am--depfiles
config.status:1514: $? = 0
config.status:1509: cd src/bin/dwarfdump       && sed -e '/# am--include-marker/d' Makefile         | make -f - am--depfiles
config.status:1514: $? = 0
config.status:1509: cd src/bin/dwarfgen       && sed -e '/# am--include-marker/d' Makefile         | make -f - am--depfiles
config.status:1514: $? = 0
config.status:1509: cd src/bin/dwarfexample       && sed -e '/# am--include-marker/d' Makefile         | make -f - am--depfiles
config.status:1514: $? = 0
config.status:1509: cd src/bin/gennames       && sed -e '/# am--include-marker/d' Makefile         | make -f - am--depfiles
config.status:1514: $? = 0
config.status:1509: cd src/bin/tag_attr       && sed -e '/# am--include-marker/d' Makefile         | make -f - am--depfiles
config.status:1514: $? = 0
config.status:1509: cd src/bin/tag_tree       && sed -e '/# am--include-marker/d' Makefile         | make -f - am--depfiles
config.status:1514: $? = 0
config.status:1509: cd src/bin/attr_form       && sed -e '/# am--include-marker/d' Makefile         | make -f - am--depfiles
config.status:1514: $? = 0
config.status:1509: cd src/bin/buildopstab       && sed -e '/# am--include-marker/d' Makefile         | make -f - am--depfiles
config.status:1514: $? = 0
config.status:1509: cd src/bin/builduritable       && sed -e '/# am--include-marker/d' Makefile         | make -f - am--depfiles
config.status:1514: $? = 0
config.status:1509: cd test       && sed -e '/# am--include-marker/d' Makefile         | make -f - am--depfiles
config.status:1514: $? = 0
config.status:1432: executing libtool commands
configure:22604: WARNING: unrecognized options: --disable-libelf

## ---------------- ##
## Cache variables. ##
## ---------------- ##

ac_cv_build=x86_64-pc-linux-musl
ac_cv_c_bigendian=no
ac_cv_c_compiler_gnu=yes
ac_cv_c_uint32_t=yes
ac_cv_cxx_compiler_gnu=yes
ac_cv_env_CCC_set=
ac_cv_env_CCC_value=
ac_cv_env_CC_set=set
ac_cv_env_CC_value=musl-gcc
ac_cv_env_CFLAGS_set=set
ac_cv_env_CFLAGS_value='-fPIC -O3 -I/usr/local/musl/include'
ac_cv_env_CPPFLAGS_set=
ac_cv_env_CPPFLAGS_value=
ac_cv_env_CXXCPP_set=
ac_cv_env_CXXCPP_value=
ac_cv_env_CXXFLAGS_set=
ac_cv_env_CXXFLAGS_value=
ac_cv_env_CXX_set=
ac_cv_env_CXX_value=
ac_cv_env_DOXYGEN_set=
ac_cv_env_DOXYGEN_value=
ac_cv_env_DWARFGEN_LIBS_set=
ac_cv_env_DWARFGEN_LIBS_value=
ac_cv_env_DWARF_BIGENDIAN_set=
ac_cv_env_DWARF_BIGENDIAN_value=
ac_cv_env_DWARF_LIBS_set=
ac_cv_env_DWARF_LIBS_value=
ac_cv_env_LDFLAGS_set=set
ac_cv_env_LDFLAGS_value=-L/usr/local/musl/lib
ac_cv_env_LIBS_set=
ac_cv_env_LIBS_value=
ac_cv_env_LT_SYS_LIBRARY_PATH_set=
ac_cv_env_LT_SYS_LIBRARY_PATH_value=
ac_cv_env_PKG_CONFIG_LIBDIR_set=
ac_cv_env_PKG_CONFIG_LIBDIR_value=
ac_cv_env_PKG_CONFIG_PATH_set=
ac_cv_env_PKG_CONFIG_PATH_value=
ac_cv_env_PKG_CONFIG_set=
ac_cv_env_PKG_CONFIG_value=
ac_cv_env_ZLIB_CFLAGS_set=
ac_cv_env_ZLIB_CFLAGS_value=
ac_cv_env_ZLIB_LIBS_set=
ac_cv_env_ZLIB_LIBS_value=
ac_cv_env_ZSTD_CFLAGS_set=
ac_cv_env_ZSTD_CFLAGS_value=
ac_cv_env_ZSTD_LIBS_set=
ac_cv_env_ZSTD_LIBS_value=
ac_cv_env_build_alias_set=
ac_cv_env_build_alias_value=
ac_cv_env_host_alias_set=
ac_cv_env_host_alias_value=
ac_cv_env_target_alias_set=
ac_cv_env_target_alias_value=
ac_cv_func_alloca_works=yes
ac_cv_header_dlfcn_h=yes
ac_cv_header_fcntl_h=yes
ac_cv_header_inttypes_h=yes
ac_cv_header_malloc_h=yes
ac_cv_header_stddef_h=yes
ac_cv_header_stdint_h=yes
ac_cv_header_stdio_h=yes
ac_cv_header_stdlib_h=yes
ac_cv_header_string_h=yes
ac_cv_header_strings_h=yes
ac_cv_header_sys_stat_h=yes
ac_cv_header_sys_types_h=yes
ac_cv_header_unistd_h=yes
ac_cv_header_zstd_h=no
ac_cv_host=x86_64-pc-linux-musl
ac_cv_objext=o
ac_cv_path_EGREP='/usr/bin/grep -E'
ac_cv_path_FGREP='/usr/bin/grep -F'
ac_cv_path_GREP=/usr/bin/grep
ac_cv_path_SED=/usr/bin/sed
ac_cv_path_ac_pt_PKG_CONFIG=/usr/bin/pkg-config
ac_cv_path_install='/usr/bin/install -c'
ac_cv_path_lt_DD=/usr/bin/dd
ac_cv_path_mkdir=/usr/bin/mkdir
ac_cv_prog_AWK=gawk
ac_cv_prog_CXXCPP='g++ -E'
ac_cv_prog_ac_ct_AR=ar
ac_cv_prog_ac_ct_CC=musl-gcc
ac_cv_prog_ac_ct_CXX=g++
ac_cv_prog_ac_ct_MANIFEST_TOOL=mt
ac_cv_prog_ac_ct_OBJDUMP=objdump
ac_cv_prog_ac_ct_RANLIB=ranlib
ac_cv_prog_ac_ct_STRIP=strip
ac_cv_prog_cc_c11=
ac_cv_prog_cc_g=yes
ac_cv_prog_cc_musl_gcc_c_o=yes
ac_cv_prog_cc_stdc=
ac_cv_prog_cxx_11=no
ac_cv_prog_cxx_cxx11=
ac_cv_prog_cxx_g=yes
ac_cv_prog_cxx_stdcxx=
ac_cv_prog_make_make_set=yes
ac_cv_type_intptr_t=yes
ac_cv_type_size_t=yes
ac_cv_type_uintptr_t=yes
ac_cv_working_alloca_h=yes
am_cv_CC_dependencies_compiler_type=gcc3
am_cv_CXX_dependencies_compiler_type=gcc3
am_cv_ar_interface=ar
am_cv_make_support_nested_variables=yes
am_cv_prog_cc_c_o=yes
lt_cv_ar_at_file=@
lt_cv_deplibs_check_method=pass_all
lt_cv_file_magic_cmd='$MAGIC_CMD'
lt_cv_file_magic_test_file=
lt_cv_ld_reload_flag=-r
lt_cv_nm_interface='BSD nm'
lt_cv_objdir=.libs
lt_cv_path_LD=/usr/bin/ld
lt_cv_path_LDCXX='/usr/bin/ld -m elf_x86_64'
lt_cv_path_NM='/usr/bin/nm -B'
lt_cv_path_mainfest_tool=no
lt_cv_prog_compiler_c_o=yes
lt_cv_prog_compiler_c_o_CXX=yes
lt_cv_prog_compiler_pic='-fPIC -DPIC'
lt_cv_prog_compiler_pic_CXX='-fPIC -DPIC'
lt_cv_prog_compiler_pic_works=yes
lt_cv_prog_compiler_pic_works_CXX=yes
lt_cv_prog_compiler_rtti_exceptions=no
lt_cv_prog_compiler_static_works=yes
lt_cv_prog_compiler_static_works_CXX=yes
lt_cv_prog_gnu_ld=yes
lt_cv_prog_gnu_ldcxx=yes
lt_cv_sharedlib_from_linklib_cmd='printf %s\n'
lt_cv_shlibpath_overrides_runpath=yes
lt_cv_sys_global_symbol_pipe='sed -n -e '\''s/^.*[	 ]\([ABCDGIRSTW][ABCDGIRSTW]*\)[	 ][	 ]*\([_A-Za-z][_A-Za-z0-9]*\)$/\1 \2 \2/p'\'' | sed '\''/ __gnu_lto/d'\'''
lt_cv_sys_global_symbol_to_c_name_address='sed -n -e '\''s/^: \(.*\) .*$/  {"\1", (void *) 0},/p'\'' -e '\''s/^[ABCDGIRSTW][ABCDGIRSTW]* .* \(.*\)$/  {"\1", (void *) \&\1},/p'\'''
lt_cv_sys_global_symbol_to_c_name_address_lib_prefix='sed -n -e '\''s/^: \(.*\) .*$/  {"\1", (void *) 0},/p'\'' -e '\''s/^[ABCDGIRSTW][ABCDGIRSTW]* .* \(lib.*\)$/  {"\1", (void *) \&\1},/p'\'' -e '\''s/^[ABCDGIRSTW][ABCDGIRSTW]* .* \(.*\)$/  {"lib\1", (void *) \&\1},/p'\'''
lt_cv_sys_global_symbol_to_cdecl='sed -n -e '\''s/^T .* \(.*\)$/extern int \1();/p'\'' -e '\''s/^[ABCDGIRSTW][ABCDGIRSTW]* .* \(.*\)$/extern char \1;/p'\'''
lt_cv_sys_global_symbol_to_import=
lt_cv_sys_max_cmd_len=1572864
lt_cv_to_host_file_cmd=func_convert_file_noop
lt_cv_to_tool_file_cmd=func_convert_file_noop
lt_cv_truncate_bin='/usr/bin/dd bs=4096 count=1'
pkg_cv_ZLIB_CFLAGS=
pkg_cv_ZLIB_LIBS=-lz

## ----------------- ##
## Output variables. ##
## ----------------- ##

ACLOCAL='${SHELL} '\''/home/elfmaster/amp/shiva/libdwarf-build/libdwarf-0.10.1/missing'\'' aclocal-1.16'
ALLOCA=''
AMDEPBACKSLASH='\'
AMDEP_FALSE='#'
AMDEP_TRUE=''
AMTAR='$${TAR-tar}'
AM_BACKSLASH='\'
AM_DEFAULT_V='$(AM_DEFAULT_VERBOSITY)'
AM_DEFAULT_VERBOSITY='0'
AM_V='$(V)'
AR='ar'
AS='as'
AUTOCONF='${SHELL} '\''/home/elfmaster/amp/shiva/libdwarf-build/libdwarf-0.10.1/missing'\'' autoconf'
AUTOHEADER='${SHELL} '\''/home/elfmaster/amp/shiva/libdwarf-build/libdwarf-0.10.1/missing'\'' autoheader'
AUTOMAKE='${SHELL} '\''/home/elfmaster/amp/shiva/libdwarf-build/libdwarf-0.10.1/missing'\'' automake-1.16'
AWK='gawk'
CC='musl-gcc'
CCDEPMODE='depmode=gcc3'
CFLAGS='-fPIC -O3 -I/usr/local/musl/include'
CPPFLAGS=''
CSCOPE='cscope'
CTAGS='ctags'
CXX='g++'
CXXCPP='g++ -E'
CXXDEPMODE='depmode=gcc3'
CXXFLAGS='-g -O2'
CYGPATH_W='echo'
DEFS='-DHAVE_CONFIG_H'
DEPDIR='.deps'
DLLTOOL='false'
DOXYGEN=''
DSYMUTIL=''
DUMPBIN=''
DWARFGEN_LIBS=''
DWARF_BIGENDIAN='no'
DWARF_CFLAGS_WARN=' '
DWARF_CXXFLAGS_WARN=' '
DWARF_LIBS=''
ECHO_C=''
ECHO_N='-n'
ECHO_T=''
EGREP='/usr/bin/grep -E'
ETAGS='etags'
EXEEXT=''
FGREP='/usr/bin/grep -F'
GREP='/usr/bin/grep'
HAVE_DEBUGLINK_FALSE='#'
HAVE_DEBUGLINK_TRUE=''
HAVE_DOC_FALSE=''
HAVE_DOC_TRUE='#'
HAVE_DWARFEXAMPLE_FALSE=''
HAVE_DWARFEXAMPLE_TRUE='#'
HAVE_DWARFGEN_FALSE=''
HAVE_DWARFGEN_TRUE='#'
INSTALL_DATA='${INSTALL} -m 644'
INSTALL_PROGRAM='${INSTALL}'
INSTALL_SCRIPT='${INSTALL}'
INSTALL_STRIP_PROGRAM='$(install_sh) -c -s'
LD='/usr/bin/ld -m elf_x86_64'
LDFLAGS='-L/usr/local/musl/lib'
LIBOBJS=''
LIBS=''
LIBTOOL='$(SHELL) $(top_builddir)/libtool'
LIPO=''
LN_S='ln -s'
LTLIBOBJS=''
LT_SYS_LIBRARY_PATH=''
MAKEINFO='${SHELL} '\''/home/elfmaster/amp/shiva/libdwarf-build/libdwarf-0.10.1/missing'\'' makeinfo'
MANIFEST_TOOL=':'
MKDIR_P='/usr/bin/mkdir -p'
NM='/usr/bin/nm -B'
NMEDIT=''
OBJDUMP='objdump'
OBJEXT='o'
OTOOL64=''
OTOOL=''
PACKAGE='libdwarf'
PACKAGE_BUGREPORT='libdwarf -at- linuxmail -dot- org'
PACKAGE_NAME='libdwarf'
PACKAGE_STRING='libdwarf 0.10.1'
PACKAGE_TARNAME='libdwarf'
PACKAGE_URL=''
PACKAGE_VERSION='0.10.1'
PATH_SEPARATOR=':'
PKG_CONFIG='/usr/bin/pkg-config'
PKG_CONFIG_LIBDIR=''
PKG_CONFIG_PATH=''
PROJECT_VERSION='0.10.1'
RANLIB='ranlib'
SED='/usr/bin/sed'
SET_MAKE=''
SHELL='/bin/bash'
STRIP='strip'
VERSION='0.10.1'
VMAJ='0'
ZLIB_CFLAGS=''
ZLIB_LIBS='-lz'
ZSTD_CFLAGS=''
ZSTD_LIBS=''
ac_ct_AR='ar'
ac_ct_CC='musl-gcc'
ac_ct_CXX='g++'
ac_ct_DUMPBIN=''
am__EXEEXT_FALSE=''
am__EXEEXT_TRUE='#'
am__fastdepCC_FALSE='#'
am__fastdepCC_TRUE=''
am__fastdepCXX_FALSE='#'
am__fastdepCXX_TRUE=''
am__include='include'
am__isrc=''
am__leading_dot='.'
am__nodep='_no'
am__quote=''
am__tar='$${TAR-tar} chof - "$$tardir"'
am__untar='$${TAR-tar} xf -'
bindir='${exec_prefix}/bin'
build='x86_64-pc-linux-musl'
build_alias=''
build_cpu='x86_64'
build_os='linux-musl'
build_vendor='pc'
datadir='${datarootdir}'
datarootdir='${prefix}/share'
docdir='${datarootdir}/doc/${PACKAGE_TARNAME}'
dvidir='${docdir}'
exec_prefix='${prefix}'
host='x86_64-pc-linux-musl'
host_alias=''
host_cpu='x86_64'
host_os='linux-musl'
host_vendor='pc'
htmldir='${docdir}'
includedir='/usr/local/musl/include/libdwarf-2'
infodir='${datarootdir}/info'
install_sh='${SHELL} /home/elfmaster/amp/shiva/libdwarf-build/libdwarf-0.10.1/install-sh'
libdir='${exec_prefix}/lib'
libexecdir='${exec_prefix}/libexec'
localedir='${datarootdir}/locale'
localstatedir='${prefix}/var'
mandir='${datarootdir}/man'
mkdir_p='$(MKDIR_P)'
oldincludedir='/usr/include'
pdfdir='${docdir}'
prefix='/usr/local/musl'
program_transform_name='s,x,x,'
psdir='${docdir}'
release_info=''
requirements_libdwarf_libs=''
requirements_libdwarf_pc='zlib'
runstatedir='${localstatedir}/run'
sbindir='${exec_prefix}/sbin'
sharedstatedir='${prefix}/com'
sysconfdir='${prefix}/etc'
target_alias=''
version_info='10:1:10'

## ----------- ##
## confdefs.h. ##
## ----------- ##

/* confdefs.h */
#define PACKAGE_NAME "libdwarf"
#define PACKAGE_TARNAME "libdwarf"
#define PACKAGE_VERSION "0.10.1"
#define PACKAGE_STRING "libdwarf 0.10.1"
#define PACKAGE_BUGREPORT "libdwarf -at- linuxmail -dot- org"
#define PACKAGE_URL ""
#define PACKAGE "libdwarf"
#define VERSION "0.10.1"
#define HAVE_STDIO_H 1
#define HAVE_STDLIB_H 1
#define HAVE_STRING_H 1
#define HAVE_INTTYPES_H 1
#define HAVE_STDINT_H 1
#define HAVE_STRINGS_H 1
#define HAVE_SYS_STAT_H 1
#define HAVE_SYS_TYPES_H 1
#define HAVE_UNISTD_H 1
#define STDC_HEADERS 1
#define HAVE_DLFCN_H 1
#define LT_OBJDIR ".libs/"
#define HAVE_UNISTD_H 1
#define HAVE_SYS_TYPES_H 1
#define HAVE_MALLOC_H 1
#define HAVE_STDINT_H 1
#define HAVE_INTTYPES_H 1
#define HAVE_STDDEF_H 1
#define HAVE_FCNTL_H 1
#define HAVE_UINTPTR_T 1
#define HAVE_INTPTR_T 1
#define HAVE_UTF8 1
#define HAVE_UNUSED_ATTRIBUTE 1
#define HAVE_ALLOCA_H 1
#define HAVE_ALLOCA 1
#define HAVE_ZLIB 1
#define HAVE_ZLIB_H 1

configure: exit 0
