--------------------
./configure --prefix=/path/to/musl-install
Wed Aug 27 11:57:49 AM PDT 2025
=== ztest388215.c ===
extern int getchar();
int hello() {return getchar();}
===
musl-gcc -c ztest388215.c
... using gcc

Checking for obsessive-compulsive compiler options...
=== ztest388215.c ===
int foo() { return 0; }
===
musl-gcc -c -O3 ztest388215.c

Checking for shared library support...
=== ztest388215.c ===
extern int getchar();
int hello() {return getchar();}
===
musl-gcc -c -O3 -fPIC ztest388215.c
musl-gcc -shared -Wl,-soname,libz.so.1,--version-script,zlib.map -O3 -fPIC -o ztest388215.so ztest388215.o
Building shared library libz.so.1.3.1 with musl-gcc.

=== ztest388215.c ===
#include <stdio.h>
#include <stdlib.h>
size_t dummy = 0;
===
musl-gcc -c -O3 ztest388215.c
Checking for size_t... Yes.

=== ztest388215.c ===
#include <sys/types.h>
off64_t dummy = 0;
===
musl-gcc -c -O3 -D_LARGEFILE64_SOURCE=1 ztest388215.c
Checking for off64_t... Yes.
Checking for fseeko... Yes.

=== ztest388215.c ===
#include <string.h>
#include <errno.h>
int main() { return strlen(strerror(errno)); }
===
musl-gcc -O3 -D_LARGEFILE64_SOURCE=1 -o ztest388215 ztest388215.c
Checking for strerror... Yes.

=== ztest388215.c ===
#include <unistd.h>
int main() { return 0; }
===
musl-gcc -c -O3 -D_LARGEFILE64_SOURCE=1 ztest388215.c
Checking for unistd.h... Yes.

=== ztest388215.c ===
#include <stdarg.h>
int main() { return 0; }
===
musl-gcc -c -O3 -D_LARGEFILE64_SOURCE=1 ztest388215.c
Checking for stdarg.h... Yes.

=== ztest388215.c ===
#include <stdio.h>
#include <stdarg.h>
#include "zconf.h"
int main()
{
#ifndef STDC
  choke me
#endif
  return 0;
}
===
musl-gcc -c -O3 -D_LARGEFILE64_SOURCE=1 ztest388215.c
Checking whether to use vs[n]printf() or s[n]printf()... using vs[n]printf().

=== ztest388215.c ===
#include <stdio.h>
#include <stdarg.h>
int mytest(const char *fmt, ...)
{
  char buf[20];
  va_list ap;
  va_start(ap, fmt);
  vsnprintf(buf, sizeof(buf), fmt, ap);
  va_end(ap);
  return 0;
}
int main()
{
  return (mytest("Hello%d\n", 1));
}
===
musl-gcc -O3 -D_LARGEFILE64_SOURCE=1 -o ztest388215 ztest388215.c
Checking for vsnprintf() in stdio.h... Yes.

=== ztest388215.c ===
#include <stdio.h>
#include <stdarg.h>
int mytest(const char *fmt, ...)
{
  int n;
  char buf[20];
  va_list ap;
  va_start(ap, fmt);
  n = vsnprintf(buf, sizeof(buf), fmt, ap);
  va_end(ap);
  return n;
}
int main()
{
  return (mytest("Hello%d\n", 1));
}
===
musl-gcc -c -O3 -D_LARGEFILE64_SOURCE=1 ztest388215.c
Checking for return value of vsnprintf()... Yes.

=== ztest388215.c ===
#define ZLIB_INTERNAL __attribute__((visibility ("hidden")))
int ZLIB_INTERNAL foo;
int main()
{
  return 0;
}
===
musl-gcc -c -O3 -D_LARGEFILE64_SOURCE=1 ztest388215.c
Checking for attribute(visibility) support... Yes.

ALL = static shared all64
AR = ar
ARFLAGS = rc
CC = musl-gcc
CFLAGS = -O3 -D_LARGEFILE64_SOURCE=1 -DHAVE_HIDDEN
CPP =
EXE =
LDCONFIG = ldconfig
LDFLAGS =
LDSHARED = musl-gcc -shared -Wl,-soname,libz.so.1,--version-script,zlib.map
LDSHAREDLIBC = -lc
OBJC = $(OBJZ) $(OBJG)
PIC_OBJC = $(PIC_OBJZ) $(PIC_OBJG)
RANLIB = ranlib
SFLAGS = -O3 -fPIC -D_LARGEFILE64_SOURCE=1 -DHAVE_HIDDEN
SHAREDLIB = libz.so
SHAREDLIBM = libz.so.1
SHAREDLIBV = libz.so.1.3.1
STATICLIB = libz.a
TEST = all teststatic testshared test64
VER = 1.3.1
SRCDIR =
exec_prefix = ${prefix}
includedir = ${prefix}/include
libdir = ${exec_prefix}/lib
mandir = ${prefix}/share/man
prefix = /path/to/musl-install
sharedlibdir = ${libdir}
uname = Linux
--------------------


--------------------
./configure --prefix=/usr/local/lib
Wed Aug 27 11:58:00 AM PDT 2025
=== ztest388530.c ===
extern int getchar();
int hello() {return getchar();}
===
musl-gcc -c ztest388530.c
... using gcc

Checking for obsessive-compulsive compiler options...
=== ztest388530.c ===
int foo() { return 0; }
===
musl-gcc -c -O3 ztest388530.c

Checking for shared library support...
=== ztest388530.c ===
extern int getchar();
int hello() {return getchar();}
===
musl-gcc -c -O3 -fPIC ztest388530.c
musl-gcc -shared -Wl,-soname,libz.so.1,--version-script,zlib.map -O3 -fPIC -o ztest388530.so ztest388530.o
Building shared library libz.so.1.3.1 with musl-gcc.

=== ztest388530.c ===
#include <stdio.h>
#include <stdlib.h>
size_t dummy = 0;
===
musl-gcc -c -O3 ztest388530.c
Checking for size_t... Yes.

=== ztest388530.c ===
#include <sys/types.h>
off64_t dummy = 0;
===
musl-gcc -c -O3 -D_LARGEFILE64_SOURCE=1 ztest388530.c
Checking for off64_t... Yes.
Checking for fseeko... Yes.

=== ztest388530.c ===
#include <string.h>
#include <errno.h>
int main() { return strlen(strerror(errno)); }
===
musl-gcc -O3 -D_LARGEFILE64_SOURCE=1 -o ztest388530 ztest388530.c
Checking for strerror... Yes.

=== ztest388530.c ===
#include <unistd.h>
int main() { return 0; }
===
musl-gcc -c -O3 -D_LARGEFILE64_SOURCE=1 ztest388530.c
Checking for unistd.h... Yes.

=== ztest388530.c ===
#include <stdarg.h>
int main() { return 0; }
===
musl-gcc -c -O3 -D_LARGEFILE64_SOURCE=1 ztest388530.c
Checking for stdarg.h... Yes.

=== ztest388530.c ===
#include <stdio.h>
#include <stdarg.h>
#include "zconf.h"
int main()
{
#ifndef STDC
  choke me
#endif
  return 0;
}
===
musl-gcc -c -O3 -D_LARGEFILE64_SOURCE=1 ztest388530.c
Checking whether to use vs[n]printf() or s[n]printf()... using vs[n]printf().

=== ztest388530.c ===
#include <stdio.h>
#include <stdarg.h>
int mytest(const char *fmt, ...)
{
  char buf[20];
  va_list ap;
  va_start(ap, fmt);
  vsnprintf(buf, sizeof(buf), fmt, ap);
  va_end(ap);
  return 0;
}
int main()
{
  return (mytest("Hello%d\n", 1));
}
===
musl-gcc -O3 -D_LARGEFILE64_SOURCE=1 -o ztest388530 ztest388530.c
Checking for vsnprintf() in stdio.h... Yes.

=== ztest388530.c ===
#include <stdio.h>
#include <stdarg.h>
int mytest(const char *fmt, ...)
{
  int n;
  char buf[20];
  va_list ap;
  va_start(ap, fmt);
  n = vsnprintf(buf, sizeof(buf), fmt, ap);
  va_end(ap);
  return n;
}
int main()
{
  return (mytest("Hello%d\n", 1));
}
===
musl-gcc -c -O3 -D_LARGEFILE64_SOURCE=1 ztest388530.c
Checking for return value of vsnprintf()... Yes.

=== ztest388530.c ===
#define ZLIB_INTERNAL __attribute__((visibility ("hidden")))
int ZLIB_INTERNAL foo;
int main()
{
  return 0;
}
===
musl-gcc -c -O3 -D_LARGEFILE64_SOURCE=1 ztest388530.c
Checking for attribute(visibility) support... Yes.

ALL = static shared all64
AR = ar
ARFLAGS = rc
CC = musl-gcc
CFLAGS = -O3 -D_LARGEFILE64_SOURCE=1 -DHAVE_HIDDEN
CPP =
EXE =
LDCONFIG = ldconfig
LDFLAGS =
LDSHARED = musl-gcc -shared -Wl,-soname,libz.so.1,--version-script,zlib.map
LDSHAREDLIBC = -lc
OBJC = $(OBJZ) $(OBJG)
PIC_OBJC = $(PIC_OBJZ) $(PIC_OBJG)
RANLIB = ranlib
SFLAGS = -O3 -fPIC -D_LARGEFILE64_SOURCE=1 -DHAVE_HIDDEN
SHAREDLIB = libz.so
SHAREDLIBM = libz.so.1
SHAREDLIBV = libz.so.1.3.1
STATICLIB = libz.a
TEST = all teststatic testshared test64
VER = 1.3.1
SRCDIR =
exec_prefix = ${prefix}
includedir = ${prefix}/include
libdir = ${exec_prefix}/lib
mandir = ${prefix}/share/man
prefix = /usr/local/lib
sharedlibdir = ${libdir}
uname = Linux
--------------------


--------------------
./configure --prefix=/usr/local/musl
Wed Aug 27 01:44:15 PM PDT 2025
=== ztest391637.c ===
extern int getchar();
int hello() {return getchar();}
===
musl-gcc -c ztest391637.c
... using gcc

Checking for obsessive-compulsive compiler options...
=== ztest391637.c ===
int foo() { return 0; }
===
musl-gcc -c -O3 ztest391637.c

Checking for shared library support...
=== ztest391637.c ===
extern int getchar();
int hello() {return getchar();}
===
musl-gcc -c -O3 -fPIC ztest391637.c
musl-gcc -shared -Wl,-soname,libz.so.1,--version-script,zlib.map -O3 -fPIC -o ztest391637.so ztest391637.o
Building shared library libz.so.1.3.1 with musl-gcc.

=== ztest391637.c ===
#include <stdio.h>
#include <stdlib.h>
size_t dummy = 0;
===
musl-gcc -c -O3 ztest391637.c
Checking for size_t... Yes.

=== ztest391637.c ===
#include <sys/types.h>
off64_t dummy = 0;
===
musl-gcc -c -O3 -D_LARGEFILE64_SOURCE=1 ztest391637.c
Checking for off64_t... Yes.
Checking for fseeko... Yes.

=== ztest391637.c ===
#include <string.h>
#include <errno.h>
int main() { return strlen(strerror(errno)); }
===
musl-gcc -O3 -D_LARGEFILE64_SOURCE=1 -o ztest391637 ztest391637.c
Checking for strerror... Yes.

=== ztest391637.c ===
#include <unistd.h>
int main() { return 0; }
===
musl-gcc -c -O3 -D_LARGEFILE64_SOURCE=1 ztest391637.c
Checking for unistd.h... Yes.

=== ztest391637.c ===
#include <stdarg.h>
int main() { return 0; }
===
musl-gcc -c -O3 -D_LARGEFILE64_SOURCE=1 ztest391637.c
Checking for stdarg.h... Yes.

=== ztest391637.c ===
#include <stdio.h>
#include <stdarg.h>
#include "zconf.h"
int main()
{
#ifndef STDC
  choke me
#endif
  return 0;
}
===
musl-gcc -c -O3 -D_LARGEFILE64_SOURCE=1 ztest391637.c
Checking whether to use vs[n]printf() or s[n]printf()... using vs[n]printf().

=== ztest391637.c ===
#include <stdio.h>
#include <stdarg.h>
int mytest(const char *fmt, ...)
{
  char buf[20];
  va_list ap;
  va_start(ap, fmt);
  vsnprintf(buf, sizeof(buf), fmt, ap);
  va_end(ap);
  return 0;
}
int main()
{
  return (mytest("Hello%d\n", 1));
}
===
musl-gcc -O3 -D_LARGEFILE64_SOURCE=1 -o ztest391637 ztest391637.c
Checking for vsnprintf() in stdio.h... Yes.

=== ztest391637.c ===
#include <stdio.h>
#include <stdarg.h>
int mytest(const char *fmt, ...)
{
  int n;
  char buf[20];
  va_list ap;
  va_start(ap, fmt);
  n = vsnprintf(buf, sizeof(buf), fmt, ap);
  va_end(ap);
  return n;
}
int main()
{
  return (mytest("Hello%d\n", 1));
}
===
musl-gcc -c -O3 -D_LARGEFILE64_SOURCE=1 ztest391637.c
Checking for return value of vsnprintf()... Yes.

=== ztest391637.c ===
#define ZLIB_INTERNAL __attribute__((visibility ("hidden")))
int ZLIB_INTERNAL foo;
int main()
{
  return 0;
}
===
musl-gcc -c -O3 -D_LARGEFILE64_SOURCE=1 ztest391637.c
Checking for attribute(visibility) support... Yes.

ALL = static shared all64
AR = ar
ARFLAGS = rc
CC = musl-gcc
CFLAGS = -O3 -D_LARGEFILE64_SOURCE=1 -DHAVE_HIDDEN
CPP =
EXE =
LDCONFIG = ldconfig
LDFLAGS =
LDSHARED = musl-gcc -shared -Wl,-soname,libz.so.1,--version-script,zlib.map
LDSHAREDLIBC = -lc
OBJC = $(OBJZ) $(OBJG)
PIC_OBJC = $(PIC_OBJZ) $(PIC_OBJG)
RANLIB = ranlib
SFLAGS = -O3 -fPIC -D_LARGEFILE64_SOURCE=1 -DHAVE_HIDDEN
SHAREDLIB = libz.so
SHAREDLIBM = libz.so.1
SHAREDLIBV = libz.so.1.3.1
STATICLIB = libz.a
TEST = all teststatic testshared test64
VER = 1.3.1
SRCDIR =
exec_prefix = ${prefix}
includedir = ${prefix}/include
libdir = ${exec_prefix}/lib
mandir = ${prefix}/share/man
prefix = /usr/local/musl
sharedlibdir = ${libdir}
uname = Linux
--------------------


